[
  {
    "Price": "Price",
    "cellNumber": "E1",
    "hyperlink": "N/A",
    "Category": "Category",
    "Have_b_or_k?": "Have b or k?",
    "Author": "Author",
    "Title": "Title"
  },
  {
    "Price": 7,
    "cellNumber": "E2",
    "hyperlink": "N/A",
    "Category": "england",
    "Have_b_or_k?": "have b or k",
    "Author": "N/A",
    "Title": "1066: The Year That Changed Everything"
  },
  {
    "Price": "N/A",
    "cellNumber": "E3",
    "hyperlink": "https://www.chirpbooks.com/audiobook-lists-and-spotlights/best-history-audiobooks",
    "Category": "book list",
    "Have_b_or_k?": "N/A",
    "Author": "N/A",
    "Title": "29 of the Best History Audiobooks: An Ultimate List"
  },
  {
    "Price": "N/A",
    "cellNumber": "E4",
    "hyperlink": "https://www.audible.com/pd/A-Confederacy-of-Dunces-Audiobook/B002V0KKHK?qid=1616900854&sr=1-52&ref=a_search_c3_lProduct_3_12&pf_rd_p=83218cca-c308-412f-bfcf-90198b687a2f&pf_rd_r=7QSZ05QM9G12QFMTEY1Z",
    "Category": "fiction",
    "Have_b_or_k?": "N/A",
    "Author": "N/A",
    "Title": "A Confederacy of Dunces by John Kennedy Toole | Audiobook | Audible.com"
  },
  {
    "Price": "N/A",
    "cellNumber": "E5",
    "hyperlink": "https://smile.amazon.com/gp/product/B06XX1CT2V/ref=pe_27541010_572664700_em_1p_3_lm",
    "Category": "fiction",
    "Have_b_or_k?": "N/A",
    "Author": "N/A",
    "Title": "A Connecticut Yankee in King Arthur's Court (Audible Audio Edition): Mark Twain, Nick Offerman, Audible Studios: Audible Books & Originals"
  },
  {
    "Price": 27.96,
    "cellNumber": "E6",
    "hyperlink": "N/A",
    "Category": "WWI",
    "Have_b_or_k?": "N/A",
    "Author": "N/A",
    "Title": "A Distant Mirror: The Calamitous Fourteenth Century $27.96"
  },
  {
    "Price": "N/A",
    "cellNumber": "E7",
    "hyperlink": "https://smile.amazon.com/A-Distant-Mirror-audiobook/dp/B000EBGCL6/ref=tmm_aud_swatch_0?_encoding=UTF8&qid=&sr=",
    "Category": "WWI",
    "Have_b_or_k?": "N/A",
    "Author": "N/A",
    "Title": "A Distant Mirror: The Calamitous Fourteenth Century (Audible Audio Edition): Barbara W. Tuchman, Wanda McCaddon, Blackstone Audio, Inc.: Books"
  },
  {
    "Price": 4.86,
    "cellNumber": "E8",
    "hyperlink": "N/A",
    "Category": "JFK",
    "Have_b_or_k?": "N/A",
    "Author": "N/A",
    "Title": "A Farewell to Justice: Jim Garrison, JFK's Assassination, and the Case…"
  },
  {
    "Price": "N/A",
    "cellNumber": "E9",
    "hyperlink": "https://www.audible.com/pd/A-History-of-Russia-From-Peter-the-Great-to-Gorbachev-Audiobook/B00DCAP13G?ref=a_wl_c5_desk_pg1_29&pf_rd_p=400b1420-4f6a-4b9e-bcc9-3211081ebfe1&pf_rd_r=JHN3TR69FQ8FFZ14FJVK",
    "Category": "Russian",
    "Have_b_or_k?": "N/A",
    "Author": "N/A",
    "Title": "A History of Russia: From Peter the Great to Gorbachev by Mark Steinberg, The Great Courses | Audiobook | Audible.com"
  },
  {
    "Price": 27.96,
    "cellNumber": "E10",
    "hyperlink": "N/A",
    "Category": "American",
    "Have_b_or_k?": "have b or k",
    "Author": "N/A",
    "Title": "A History of the American People"
  },
  {
    "Price": 27.96,
    "cellNumber": "E11",
    "hyperlink": "N/A",
    "Category": "American",
    "Have_b_or_k?": "N/A",
    "Author": "N/A",
    "Title": "A History of the American People"
  },
  {
    "Price": "N/A",
    "cellNumber": "E12",
    "hyperlink": "https://www.audible.com/pd/A-Lie-Too-Big-to-Fail-Audiobook/1630150525?ref=a_wl_c5_desk_pg1_4&pf_rd_p=400b1420-4f6a-4b9e-bcc9-3211081ebfe1&pf_rd_r=QREVHDPMW53WD9CM75W6",
    "Category": "RFK",
    "Have_b_or_k?": "N/A",
    "Author": "N/A",
    "Title": "A Lie Too Big to Fail by Lisa Pease, James DiEugenio - introduction | Audiobook | Audible.com"
  },
  {
    "Price": 19.59,
    "cellNumber": "E13",
    "hyperlink": "N/A",
    "Category": "American",
    "Have_b_or_k?": "N/A",
    "Author": "N/A",
    "Title": "A Lie Too Big to Fail: The Real History of the Assassination of Robert …"
  },
  {
    "Price": 14.66,
    "cellNumber": "E14",
    "hyperlink": "N/A",
    "Category": "American",
    "Have_b_or_k?": "N/A",
    "Author": "N/A",
    "Title": "A Magnificent Catastrophe: The Tumultuous Election of 1800"
  },
  {
    "Price": "N/A",
    "cellNumber": "E15",
    "hyperlink": "https://www.audible.com/pd/A-Spy-Like-No-Other-Audiobook/B00G02XU0E?ref=a_wl_c5_desk_pg2_16&pf_rd_p=400b1420-4f6a-4b9e-bcc9-3211081ebfe1&pf_rd_r=9294771QZZWQAE9YRAR0",
    "Category": "spies",
    "Have_b_or_k?": "N/A",
    "Author": "N/A",
    "Title": "A Spy Like No Other by Robert Holmes | Audiobook | Audible.com"
  },
  {
    "Price": "N/A",
    "cellNumber": "E16",
    "hyperlink": "https://smile.amazon.com/gp/product/B004BDL7N6/ref=pe_27541010_572664700_em_1p_10_lm",
    "Category": "fiction",
    "Have_b_or_k?": "N/A",
    "Author": "N/A",
    "Title": "Adventures of Huckleberry Finn: A Signature Performance by Elijah Wood (Audible Audio Edition): Mark Twain, Elijah Wood, Audible Studios: Books"
  },
  {
    "Price": "N/A",
    "cellNumber": "E17",
    "hyperlink": "https://www.audible.com/pd/American-Betrayal-The-Secret-Assault-on-Our-Nations-Character-Audiobook/B07BB2PLVF?ref=a_library_t_c5_libItem_&pf_rd_p=80765e81-b10a-4f33-b1d3-ffb87793d047&pf_rd_r=9SGNMYEX6N3X91WR5071",
    "Category": "N/A",
    "Have_b_or_k?": "N/A",
    "Author": "N/A",
    "Title": "American Betrayal: The Secret Assault on Our Nation’s Character by Diana West | Audiobook | Audible.com"
  },
  {
    "Price": "N/A",
    "cellNumber": "E18",
    "hyperlink": "https://www.audible.com/pd/American-Revolutions-Audiobook/B01KU11YE4?plink=gpvArZKwGUhprgoX&ref=a_pd_Iron-C_c5_adblp13npsbx_1_4&pf_rd_p=abddd6ef-be0d-4a2e-b681-b572ef923c7b&pf_rd_r=M7C098BRYGP41WYEDP8F",
    "Category": "N/A",
    "Have_b_or_k?": "N/A",
    "Author": "N/A",
    "Title": "American Revolutions by Alan Taylor | Audiobook | Audible.com"
  },
  {
    "Price": "N/A",
    "cellNumber": "E19",
    "hyperlink": "https://www.amazon.com/dp/B0861G3F27?tag=ebbdaily-20&orim_id=9781611214543%7D&sid=036c3f8a3caff238c53abdaac5e1ca9d&src=ebb-nl&cohort=&utm_source=Sailthru&utm_medium=email&utm_campaign=EBB%20102021%20PM%20Blast:%205-Star%20Titles&utm_term=EBB_List_Daily%20PM%20Blast",
    "Category": "American",
    "Have_b_or_k?": "N/A",
    "Author": "Rutherford",
    "Title": "America's Buried History: Landmines in the Civil War eBook : Rutherford, Kenneth R.: Kindle Store"
  },
  {
    "Price": "N/A",
    "cellNumber": "E20",
    "hyperlink": "https://www.audible.com/pd/An-Economic-History-of-the-World-since-1400-Audiobook/B01K4ZNTFS?ref=a_wl_c5_desk_pg1_30&pf_rd_p=400b1420-4f6a-4b9e-bcc9-3211081ebfe1&pf_rd_r=JHN3TR69FQ8FFZ14FJVK",
    "Category": "Economics",
    "Have_b_or_k?": "N/A",
    "Author": "N/A",
    "Title": "An Economic History of the World since 1400 by Donald J. Harreld, The Great Courses | Audiobook | Audible.com"
  },
  {
    "Price": 14.68,
    "cellNumber": "E21",
    "hyperlink": "https://www.amazon.com/Andrew-Carnegie-David-Nasaw-audiobook/dp/B000VCEYAE/ref=tmm_aud_swatch_0?_encoding=UTF8&qid=&sr=",
    "Category": "American",
    "Have_b_or_k?": "have b or k",
    "Author": "N/A",
    "Title": "Andrew Carnegie (Audible Audio Edition): David Nasaw, Grover Gardner, Gildan Media, LLC: Books"
  },
  {
    "Price": 11.99,
    "cellNumber": "E22",
    "hyperlink": "https://www.amazon.com/gp/product/B001F8LJIS/ref=pe_27541010_611186600_em_1p_12_lm",
    "Category": "American",
    "Have_b_or_k?": "have b or k",
    "Author": "N/A",
    "Title": "Andrew Jackson: Great Generals Series (Audible Audio Edition): Robert V. Remini, Tom Weiner, Blackstone Audio, Inc."
  },
  {
    "Price": "N/A",
    "cellNumber": "E23",
    "hyperlink": "https://smile.amazon.com/gp/product/B01FN887G2/ref=pe_26025950_573290030_em_1p_4_lm",
    "Category": "fiction",
    "Have_b_or_k?": "N/A",
    "Author": "N/A",
    "Title": "Anna Karenina (Audible Audio Edition): Leo Tolstoy, Maggie Gyllenhaal, Audible Studios: Audible Audiobooks"
  },
  {
    "Price": 20.96,
    "cellNumber": "E24",
    "hyperlink": "N/A",
    "Category": "UFO",
    "Have_b_or_k?": "have b or k",
    "Author": "N/A",
    "Title": "Area 51: An Uncensored History of America's Top Secret Military Base"
  },
  {
    "Price": "N/A",
    "cellNumber": "E25",
    "hyperlink": "https://smile.amazon.com/gp/product/B0001ZYZX2/ref=pe_27541010_572664700_em_1p_6_lm",
    "Category": "fiction",
    "Have_b_or_k?": "N/A",
    "Author": "N/A",
    "Title": "Beowulf (Audible Audio Edition): Robertson Dean, Robert K. Gordon, translator, Blackstone Audio, Inc.: Audible Audiobooks"
  },
  {
    "Price": "N/A",
    "cellNumber": "E26",
    "hyperlink": "https://www.audible.com/pd/Berlin-1961-Audiobook/B0051VVJV2?ref=a_wl_c5_desk_pg2_48&pf_rd_p=400b1420-4f6a-4b9e-bcc9-3211081ebfe1&pf_rd_r=9294771QZZWQAE9YRAR0",
    "Category": "cold war",
    "Have_b_or_k?": "N/A",
    "Author": "N/A",
    "Title": "Berlin 1961 by Frederick Kempe | Audiobook | Audible.com"
  },
  {
    "Price": "N/A",
    "cellNumber": "E27",
    "hyperlink": "https://www.audible.com/pd/Betrayal-in-Dallas-Audiobook/B00BCQ3J0O?ref=a_wl_c5_desk_pg1_1&pf_rd_p=400b1420-4f6a-4b9e-bcc9-3211081ebfe1&pf_rd_r=JHN3TR69FQ8FFZ14FJVK",
    "Category": "JFK",
    "Have_b_or_k?": "N/A",
    "Author": "N/A",
    "Title": "Betrayal in Dallas by Mark North | Audiobook | Audible.com"
  },
  {
    "Price": 20.96,
    "cellNumber": "E28",
    "hyperlink": "https://www.amazon.com/Bloodlands-Timothy-Snyder-audiobook/dp/B07JB4WQVF/ref=sr_1_17?crid=2VZA9I1B7B3GH&keywords=stalin&qid=1635908806&s=books&sprefix=stalin%2Cstripbooks%2C130&sr=1-17",
    "Category": "russia",
    "Have_b_or_k?": "have b or k",
    "Author": "N/A",
    "Title": "Bloodlands: Europe Between Hitler and Stalin (Audible Audio Edition): Timothy Snyder, Ralph Cosham, Hachette Audio: Books"
  },
  {
    "Price": 7.34,
    "cellNumber": "E29",
    "hyperlink": "https://www.amazon.com/Breaking-Stalins-Nose-audiobook/dp/B0083TGLNA/ref=sr_1_13?crid=2VZA9I1B7B3GH&keywords=stalin&qid=1635908806&s=books&sprefix=stalin%2Cstripbooks%2C130&sr=1-13",
    "Category": "russia",
    "Have_b_or_k?": "have b or k",
    "Author": "N/A",
    "Title": "Breaking Stalin's Nose (Audible Audio Edition): Eugene Yelchin, Mark Turetsky, Recorded Books: Books"
  },
  {
    "Price": "N/A",
    "cellNumber": "E30",
    "hyperlink": "https://www.audible.com/pd/Churchill-and-Orwell-Audiobook/B06ZZXBW2Z?ref=a_wl_c5_desk_pg1_26&pf_rd_p=400b1420-4f6a-4b9e-bcc9-3211081ebfe1&pf_rd_r=JHN3TR69FQ8FFZ14FJVK",
    "Category": "England",
    "Have_b_or_k?": "N/A",
    "Author": "N/A",
    "Title": "Churchill and Orwell by Thomas E. Ricks | Audiobook | Audible.com"
  },
  {
    "Price": 10.46,
    "cellNumber": "E31",
    "hyperlink": "N/A",
    "Category": "JFK",
    "Have_b_or_k?": "N/A",
    "Author": "N/A",
    "Title": "CIA & JFK: The Secret Assassination Files"
  },
  {
    "Price": 23.95,
    "cellNumber": "E32",
    "hyperlink": "N/A",
    "Category": "antiquity",
    "Have_b_or_k?": "have b or k",
    "Author": "N/A",
    "Title": "Cleopatra: The Queen Who Challenged Rome and Conquered Eternity"
  },
  {
    "Price": "N/A",
    "cellNumber": "E33",
    "hyperlink": "https://www.audible.com/pd/Collateral-Damage-Audiobook/1696606004?ref=a_wl_c5_desk_pg1_5&pf_rd_p=400b1420-4f6a-4b9e-bcc9-3211081ebfe1&pf_rd_r=JHN3TR69FQ8FFZ14FJVK",
    "Category": "JFK",
    "Have_b_or_k?": "N/A",
    "Author": "N/A",
    "Title": "Collateral Damage by Mark Shaw | Audiobook | Audible.com"
  },
  {
    "Price": 17.14,
    "cellNumber": "E34",
    "hyperlink": "N/A",
    "Category": "conspiracy",
    "Have_b_or_k?": "have b or k",
    "Author": "N/A",
    "Title": "Collateral Damage: The Mysterious Deaths of Marilyn Monroe and …"
  },
  {
    "Price": 17.14,
    "cellNumber": "E35",
    "hyperlink": "N/A",
    "Category": "JFK",
    "Have_b_or_k?": "N/A",
    "Author": "N/A",
    "Title": "Collateral Damage: The Mysterious Deaths of Marilyn Monroe and …"
  },
  {
    "Price": "N/A",
    "cellNumber": "E36",
    "hyperlink": "https://www.audible.com/pd/Command-and-Control-Audiobook/B00ELPIT26?ref=a_wl_c5_desk_pg3_8&pf_rd_p=400b1420-4f6a-4b9e-bcc9-3211081ebfe1&pf_rd_r=K39ZE35E5WZGQ46ZRP88",
    "Category": "conspiracy",
    "Have_b_or_k?": "N/A",
    "Author": "N/A",
    "Title": "Command and Control by Eric Schlosser | Audiobook | Audible.com"
  },
  {
    "Price": "N/A",
    "cellNumber": "E37",
    "hyperlink": "https://www.amazon.com/gp/product/0679640509/ref=ppx_yo_dt_b_search_asin_title?ie=UTF8&psc=1",
    "Category": "Russian",
    "Have_b_or_k?": "N/A",
    "Author": "Pipes",
    "Title": "Communism: A History (Modern Library Chronicles): Pipes, Richard: 9780679640509: Books"
  },
  {
    "Price": "N/A",
    "cellNumber": "E38",
    "hyperlink": "https://www.audible.com/pd/Conquistador-Audiobook/B002V0LPZG?ref=a_wl_c5_desk_pg1_27&pf_rd_p=400b1420-4f6a-4b9e-bcc9-3211081ebfe1&pf_rd_r=JHN3TR69FQ8FFZ14FJVK",
    "Category": "American",
    "Have_b_or_k?": "N/A",
    "Author": "Levy",
    "Title": "Conquistador by Buddy Levy | Audiobook | Audible.com"
  },
  {
    "Price": "N/A",
    "cellNumber": "E39",
    "hyperlink": "https://www.chirpbooks.com/audiobooks/conspiracies-of-conspiracies-by-thomas-milan-konda",
    "Category": "conspiracy",
    "Have_b_or_k?": "N/A",
    "Author": "Konda",
    "Title": "Conspiracies of Conspiracies - Audiobook, by Thomas Milan Konda | Chirp"
  },
  {
    "Price": "N/A",
    "cellNumber": "E40",
    "hyperlink": "https://www.audible.com/pd/Conspiracy-Theories-Government-Cover-Ups-Aliens-Unsolved-Mysteries-Audiobook/B076MGNK63?ref=a_wl_c5_desk_pg1_18&pf_rd_p=400b1420-4f6a-4b9e-bcc9-3211081ebfe1&pf_rd_r=JHN3TR69FQ8FFZ14FJVK",
    "Category": "conspiracy",
    "Have_b_or_k?": "N/A",
    "Author": "Steiner",
    "Title": "Conspiracy Theories: Government Cover Ups, Aliens & Unsolved Mysteries by Jack Steiner | Audiobook | Audible.com"
  },
  {
    "Price": "N/A",
    "cellNumber": "E41",
    "hyperlink": "https://www.amazon.com/Crimes-Cover-ups-American-Politics-1776-1963/dp/B07RG1GJDZ/ref=tmm_aud_swatch_0?_encoding=UTF8&qid=&sr=",
    "Category": "politics",
    "Have_b_or_k?": "N/A",
    "Author": "Jeffries",
    "Title": "Crimes and Cover-ups in American Politics: 1776-1963 (Audible Audio Edition): Donald Jeffries, Ron Paul - foreword, Lars Mikaelson, Brilliance Audio: Books"
  },
  {
    "Price": 29,
    "cellNumber": "E42",
    "hyperlink": "N/A",
    "Category": "JFK",
    "Have_b_or_k?": "have b or k",
    "Author": "N/A",
    "Title": "Crossfire: The Plot That Killed Kennedy"
  },
  {
    "Price": "included",
    "cellNumber": "E43",
    "hyperlink": "https://www.amazon.com/gp/product/B001MXQ79W/ref=pe_27541010_611186600_em_1p_13_lm",
    "Category": "American",
    "Have_b_or_k?": "N/A",
    "Author": "N/A",
    "Title": "Daniel Boone: The Life and Legend of an American Pioneer (Audible Audio Edition): John Mack Faragher, Tom Parker, Blackstone Audio, Inc."
  },
  {
    "Price": 24.49,
    "cellNumber": "E44",
    "hyperlink": "N/A",
    "Category": "gw",
    "Have_b_or_k?": "have b or k",
    "Author": "N/A",
    "Title": "Dark Winter: How the Sun Is Causing a 30-Year Cold Spell "
  },
  {
    "Price": 27.96,
    "cellNumber": "E45",
    "hyperlink": "N/A",
    "Category": "communism",
    "Have_b_or_k?": "have b or k",
    "Author": "N/A",
    "Title": "Days of Rage: America's Radical Underground, the FBI, and the Forgotten Age of Revolutionary Violence"
  },
  {
    "Price": 20.96,
    "cellNumber": "E46",
    "hyperlink": "https://www.amazon.com/Deathride-John-Mosier-audiobook/dp/B00429MFKI/ref=sr_1_45?crid=2VZA9I1B7B3GH&keywords=stalin&qid=1635909103&s=books&sprefix=stalin%2Cstripbooks%2C130&sr=1-45",
    "Category": "russia",
    "Have_b_or_k?": "have b or k",
    "Author": "N/A",
    "Title": "Deathride: Hitler vs. Stalin: The Eastern Front, 1941-1945 (Audible Audio Edition): John Mosier, Michael Prichard, Tantor Audio: Audible Books & Originals"
  },
  {
    "Price": 19.56,
    "cellNumber": "E47",
    "hyperlink": "N/A",
    "Category": "American",
    "Have_b_or_k?": "N/A",
    "Author": "N/A",
    "Title": "Destiny of the Republic: A Tale of Madness, Medicine and the Murder of a President"
  },
  {
    "Price": "N/A",
    "cellNumber": "E48",
    "hyperlink": "https://www.amazon.com/Destiny-of-Republic-audiobook/dp/B005O5HY8C/ref=tmm_aud_swatch_0?_encoding=UTF8&qid=&sr=",
    "Category": "American",
    "Have_b_or_k?": "N/A",
    "Author": "N/A",
    "Title": "Destiny of the Republic: A Tale of Madness, Medicine and the Murder of a President (Audible Audio Edition): Candice Millard, Paul Michael, Random House Audio: Books"
  },
  {
    "Price": "N/A",
    "cellNumber": "E49",
    "hyperlink": "https://smile.amazon.com/gp/product/B00026WUQE/ref=pe_3730140_577802530_em_1p_3_lm",
    "Category": "fiction",
    "Have_b_or_k?": "N/A",
    "Author": "de Cervantes",
    "Title": "Don Quixote (Audible Audio Edition): Miguel de Cervantes, Robert Whitfield, Tobias Smollett - translator, Blackstone Audio, Inc.: Audible Audiobooks"
  },
  {
    "Price": "N/A",
    "cellNumber": "E50",
    "hyperlink": "https://www.amazon.com/gp/product/B00N2CLTI0/ref=pe_3821000_588254900_em_1p_4_lm",
    "Category": "American",
    "Have_b_or_k?": "N/A",
    "Author": "N/A",
    "Title": "Du Pont Dynasty: Behind the Nylon Curtain (Forbidden Bookshelf Book 6) eBook : Colby, Gerard, Miller, Mark Crispin: Kindle Store"
  },
  {
    "Price": "N/A",
    "cellNumber": "E51",
    "hyperlink": "https://www.audible.com/pd/Early-Democracy-Audiobook/B084KR9HF8?source_code=AUDFPWS0223189MWT-BK-ACX0-181835&ref=acx_bty_BK_ACX0_181835_rh_us",
    "Category": "American",
    "Have_b_or_k?": "N/A",
    "Author": "N/A",
    "Title": "Early Democracy by Charles River Editors | Audiobook | Audible.com"
  },
  {
    "Price": "N/A",
    "cellNumber": "E52",
    "hyperlink": "https://www.audible.com/pd/Emperor-Hirohito-Audiobook/B084GSPVJD?source_code=AUDFPWS0223189MWT-BK-ACX0-181280&ref=acx_bty_BK_ACX0_181280_rh_us",
    "Category": "Japan",
    "Have_b_or_k?": "N/A",
    "Author": "N/A",
    "Title": "Emperor Hirohito by Charles River Editors | Audiobook | Audible.com"
  },
  {
    "Price": "N/A",
    "cellNumber": "E53",
    "hyperlink": "https://www.amazon.com/Extreme-Prejudice-Terrifying-Story-Patriot-dp-B076HBZJQF/dp/B076HBZJQF/ref=mt_other?_encoding=UTF8&me=&qid=1639375354",
    "Category": "N/A",
    "Have_b_or_k?": "N/A",
    "Author": "N/A",
    "Title": "Extreme Prejudice: The Terrifying Story of the Patriot Act and the Cover Ups of 9/11 and Iraq (Audible Audio Edition): Susan Lindauer, Rebecca Roberts, Listen and Think Audio: Books"
  },
  {
    "Price": "N/A",
    "cellNumber": "E54",
    "hyperlink": "https://www.amazon.com/False-Flag-John-Altman-audiobook/dp/B01N7XXWLW/ref=sr_1_50?dchild=1&keywords=false+flag&qid=1614399060&sr=8-50",
    "Category": "conspiracy",
    "Have_b_or_k?": "N/A",
    "Author": "N/A",
    "Title": "False Flag (Audible Audio Edition): John Altman, Edoardo Ballerini, Blackstone Audio, Inc.: Audible Audiobooks"
  },
  {
    "Price": 7,
    "cellNumber": "E55",
    "hyperlink": "N/A",
    "Category": "conspiracy",
    "Have_b_or_k?": "have b or k",
    "Author": "N/A",
    "Title": "Family of Secrets (Bush)"
  },
  {
    "Price": "N/A",
    "cellNumber": "E56",
    "hyperlink": "https://www.amazon.com/gp/product/B00HZRLND4?ref=em_1p_6_im&ref_=pe_27541010_587569210",
    "Category": "American",
    "Have_b_or_k?": "N/A",
    "Author": "N/A",
    "Title": "Fireball: Carole Lombard and the Mystery of Flight 3 (Audible Audio Edition): Robert Matzen, Tavia Gilbert, Blackstone Audio, Inc.: Books"
  },
  {
    "Price": "N/A",
    "cellNumber": "E57",
    "hyperlink": "https://www.amazon.com/Foundation-Peter-Ackroyd-audiobook/dp/B00TYYAH0G/ref=tmm_aud_swatch_0?_encoding=UTF8&qid=&sr=",
    "Category": "England",
    "Have_b_or_k?": "N/A",
    "Author": "N/A",
    "Title": "Foundation: The History of England from Its Earliest Beginnings to the Tudors: The History of England, Book 1 (Audible Audio Edition): Peter Ackroyd, Clive Chafer, Blackstone Audio, Inc.: Books"
  },
  {
    "Price": 11.99,
    "cellNumber": "E58",
    "hyperlink": "N/A",
    "Category": "fiction",
    "Have_b_or_k?": "have b or k",
    "Author": "N/A",
    "Title": "Grimm's Fairy Tales"
  },
  {
    "Price": "N/A",
    "cellNumber": "E59",
    "hyperlink": "https://smile.amazon.com/gp/product/B004G930YY/ref=pe_26025950_571308990_em_1p_5_lm",
    "Category": "fiction",
    "Have_b_or_k?": "N/A",
    "Author": "N/A",
    "Title": "Gulliver's Travels: A Signature Performance by David Hyde Pierce (Audible Audio Edition): Jonathan Swift, David Hyde Pierce, Audible Studios: Audible Books & Originals"
  },
  {
    "Price": "N/A",
    "cellNumber": "E60",
    "hyperlink": "https://www.audible.com/pd/Hear-No-Evil-Audiobook/B00ESLYR7E?ref=a_wl_c5_desk_pg2_46&pf_rd_p=400b1420-4f6a-4b9e-bcc9-3211081ebfe1&pf_rd_r=9294771QZZWQAE9YRAR0",
    "Category": "JFK",
    "Have_b_or_k?": "N/A",
    "Author": "N/A",
    "Title": "Hear No Evil by Donald Byron Thomas | Audiobook | Audible.com"
  },
  {
    "Price": "included",
    "cellNumber": "E61",
    "hyperlink": "https://www.amazon.com/gp/product/B015EQ72D2/ref=pe_27541010_611186600_em_1p_2_lm",
    "Category": "American",
    "Have_b_or_k?": "N/A",
    "Author": "N/A",
    "Title": "Henry Clay: America's Greatest Statesman (Audible Audio Edition): Harlow Giles Unger, John Lescault, Blackstone Audio, Inc."
  },
  {
    "Price": 7.49,
    "cellNumber": "E62",
    "hyperlink": "N/A",
    "Category": "england",
    "Have_b_or_k?": "have b or k",
    "Author": "N/A",
    "Title": "Henry V: The Warrior King of 1415"
  },
  {
    "Price": 28,
    "cellNumber": "E63",
    "hyperlink": "N/A",
    "Category": "American",
    "Have_b_or_k?": "N/A",
    "Author": "N/A",
    "Title": "History of the American People"
  },
  {
    "Price": 37,
    "cellNumber": "E64",
    "hyperlink": "N/A",
    "Category": "history",
    "Have_b_or_k?": "N/A",
    "Author": "N/A",
    "Title": "History of the Ancient World: A Global Perspective"
  },
  {
    "Price": 21.55,
    "cellNumber": "E65",
    "hyperlink": "https://www.amazon.com/Hitler-Stalin-Tyrants-Second-World/dp/B08LMZG6SN/ref=sr_1_19?crid=2VZA9I1B7B3GH&keywords=stalin&qid=1635908998&s=books&sprefix=stalin%2Cstripbooks%2C130&sr=1-19",
    "Category": "russia",
    "Have_b_or_k?": "have b or k",
    "Author": "N/A",
    "Title": "Hitler and Stalin: The Tyrants and the Second World War (Audible Audio Edition): Laurence Rees, John Sackville, PublicAffairs: Audible Books & Originals"
  },
  {
    "Price": "N/A",
    "cellNumber": "E66",
    "hyperlink": "https://www.amazon.com/Hitler-Stalin-Tyrants-Second-World/dp/B08LMZG6SN/ref=sr_1_19?crid=2VZA9I1B7B3GH&keywords=stalin&qid=1635908998&s=books&sprefix=stalin%2Cstripbooks%2C130&sr=1-19",
    "Category": "N/A",
    "Have_b_or_k?": "N/A",
    "Author": "N/A",
    "Title": "Hitler and Stalin: The Tyrants and the Second World War (Audible Audio Edition): Laurence Rees, John Sackville, PublicAffairs: Audible Books & Originals"
  },
  {
    "Price": "N/A",
    "cellNumber": "E67",
    "hyperlink": "https://smile.amazon.com/gp/product/B00719LBH4?ref=em_1p_1_im&ref_=pe_26025950_571308990",
    "Category": "writing",
    "Have_b_or_k?": "N/A",
    "Author": "N/A",
    "Title": "How to Tell a Story and Other Essays (Audible Audio Edition): Mark Twain, Brian Troxell, Audible Studios: Books"
  },
  {
    "Price": 15.96,
    "cellNumber": "E68",
    "hyperlink": "N/A",
    "Category": "American",
    "Have_b_or_k?": "have b or k",
    "Author": "N/A",
    "Title": "Ike's Bluff: President Eisenhower's Secret Battle to Save the World"
  },
  {
    "Price": 7.96,
    "cellNumber": "E69",
    "hyperlink": "N/A",
    "Category": "American",
    "Have_b_or_k?": "N/A",
    "Author": "N/A",
    "Title": "In Nixon's Web: A Year in the Crosshairs of Watergate"
  },
  {
    "Price": "N/A",
    "cellNumber": "E70",
    "hyperlink": "https://www.amazon.com/Shadows-American-Century/dp/B0795555FL/ref=tmm_aud_swatch_0?_encoding=UTF8&qid=&sr=",
    "Category": "American",
    "Have_b_or_k?": "N/A",
    "Author": "N/A",
    "Title": "In the Shadows of the American Century (Audible Audio Edition): Alfred W. McCoy, Arthur Morey, Blackstone Audio: Audible Books & Originals"
  },
  {
    "Price": "included",
    "cellNumber": "E71",
    "hyperlink": "https://www.amazon.com/Infamy-John-Toland-audiobook/dp/B077TZ6SKP/ref=sr_1_1?keywords=Infamy%3A+Pearl+Harbor+and+Its+Aftermath&qid=1636871423&qsid=133-9284893-2566646&sr=8-1&sres=0385145594%2CB00ADDM2KU%2C0778307913&srpt=ABIS_BOOK",
    "Category": "FDR",
    "Have_b_or_k?": "N/A",
    "Author": "N/A",
    "Title": "Infamy: Pearl Harbor and Its Aftermath"
  },
  {
    "Price": 13.99,
    "cellNumber": "E72",
    "hyperlink": "N/A",
    "Category": "American",
    "Have_b_or_k?": "have b or k",
    "Author": "N/A",
    "Title": "Jeb! and the Bush Crime Family: The Inside Story of an American Dynasty "
  },
  {
    "Price": 7.49,
    "cellNumber": "E73",
    "hyperlink": "N/A",
    "Category": "JFK",
    "Have_b_or_k?": "have b or k",
    "Author": "N/A",
    "Title": "JFK vs. Allen Dulles: Battleground Indonesia"
  },
  {
    "Price": 7.49,
    "cellNumber": "E74",
    "hyperlink": "N/A",
    "Category": "JFK",
    "Have_b_or_k?": "have b or k",
    "Author": "N/A",
    "Title": "JFK, Conservative"
  },
  {
    "Price": 7.49,
    "cellNumber": "E75",
    "hyperlink": "N/A",
    "Category": "JFK",
    "Have_b_or_k?": "N/A",
    "Author": "N/A",
    "Title": "JFK, Conservative – Unabridged"
  },
  {
    "Price": "N/A",
    "cellNumber": "E76",
    "hyperlink": "https://www.audible.com/pd/JFK-The-Smoking-Gun-Audiobook/B00FJIF0GW?ref=a_wl_c5_desk_pg3_32&pf_rd_p=400b1420-4f6a-4b9e-bcc9-3211081ebfe1&pf_rd_r=K39ZE35E5WZGQ46ZRP88",
    "Category": "JFK",
    "Have_b_or_k?": "N/A",
    "Author": "N/A",
    "Title": "JFK: The Smoking Gun by Colin McLaren | Audiobook | Audible.com"
  },
  {
    "Price": "included",
    "cellNumber": "E77",
    "hyperlink": "https://www.amazon.com/gp/product/B00NMKLJU0/ref=pe_27541010_611186600_em_1p_1_lm",
    "Category": "American",
    "Have_b_or_k?": "N/A",
    "Author": "N/A",
    "Title": "John Marshall: The Chief Justice Who Saved the Nation (Audible Audio Edition): Harlow Giles Unger, Robert Fass, Blackstone Audio, Inc."
  },
  {
    "Price": "included",
    "cellNumber": "E78",
    "hyperlink": "https://www.amazon.com/gp/product/B0095PEHHI/ref=pe_27541010_611186600_em_1p_3_lm",
    "Category": "American",
    "Have_b_or_k?": "N/A",
    "Author": "N/A",
    "Title": "John Quincy Adams (Audible Audio Edition): Harlow Giles Unger, Johnny Heller, Blackstone Audio, Inc."
  },
  {
    "Price": "N/A",
    "cellNumber": "E79",
    "hyperlink": "https://www.amazon.com/gp/product/B00CWGH9N6/ref=pe_3730140_617954130_em_1p_2_lm",
    "Category": "N/A",
    "Have_b_or_k?": "N/A",
    "Author": "N/A",
    "Title": "July 1914: Countdown to War (Audible Audio Edition): Sean McMeekin, Steve Coulter, Audible Studios: Books"
  },
  {
    "Price": "N/A",
    "cellNumber": "E80",
    "hyperlink": "https://www.audible.com/pd/Kennedys-Avenger-Audiobook/1488211418?qid=1616901304&sr=1-148&ref=a_search_c3_lProduct_8_8&pf_rd_p=83218cca-c308-412f-bfcf-90198b687a2f&pf_rd_r=0WPQKHXJ0VS5GKXVKPGG",
    "Category": "JFK",
    "Have_b_or_k?": "N/A",
    "Author": "N/A",
    "Title": "Kennedy's Avenger by Dan Abrams, David Fisher | Audiobook | Audible.com"
  },
  {
    "Price": 17.99,
    "cellNumber": "E81",
    "hyperlink": "N/A",
    "Category": "JFK",
    "Have_b_or_k?": "have b or k",
    "Author": "N/A",
    "Title": "Kennedy's Last Stand: Eisenhower, UFOs, MJ-12 & JFK's Assassination"
  },
  {
    "Price": "N/A",
    "cellNumber": "E82",
    "hyperlink": "https://www.amazon.com/Kennedys-Last-Stand-Eisenhower-Assassination/dp/B08RZFM42V/ref=tmm_aud_title_0?_encoding=UTF8&qid=&sr=",
    "Category": "JFK",
    "Have_b_or_k?": "N/A",
    "Author": "N/A",
    "Title": "Kennedy's Last Stand: Eisenhower, UFOs, MJ-12 & JFK's Assassination (Audible Audio Edition): Michael Salla, Michael Salla, Exopolitics Consultants: Books"
  },
  {
    "Price": "N/A",
    "cellNumber": "E83",
    "hyperlink": "https://www.audible.com/pd/Khan-Audiobook/B01L9HQS4E?ref=a_wl_c5_desk_pg2_26&pf_rd_p=400b1420-4f6a-4b9e-bcc9-3211081ebfe1&pf_rd_r=9294771QZZWQAE9YRAR0",
    "Category": "antiquity",
    "Have_b_or_k?": "N/A",
    "Author": "N/A",
    "Title": "Khan by Alexander Kennedy | Audiobook | Audible.com"
  },
  {
    "Price": "included",
    "cellNumber": "E84",
    "hyperlink": "https://www.amazon.com/gp/product/B000ECWZNY/ref=pe_27541010_611186600_em_1p_9_lm",
    "Category": "American",
    "Have_b_or_k?": "N/A",
    "Author": "N/A",
    "Title": "Lee: The Last Years (Audible Audio Edition): Charles Bracelen Flood, Michael Anthony, Blackstone Audio, Inc.: Audible Books & Originals"
  },
  {
    "Price": "N/A",
    "cellNumber": "E85",
    "hyperlink": "https://smile.amazon.com/gp/product/B004GWZ7JM/ref=pe_26025950_573290030_em_1p_7_lm",
    "Category": "fiction",
    "Have_b_or_k?": "N/A",
    "Author": "N/A",
    "Title": "Life on the Mississippi [Blackstone] (Audible Audio Edition): Mark Twain, Grover Gardner, Blackstone Audio, Inc.: Books"
  },
  {
    "Price": "included",
    "cellNumber": "E86",
    "hyperlink": "https://www.amazon.com/gp/product/B07MFVXD9K/ref=pe_27541010_611186600_em_1p_5_lm",
    "Category": "American",
    "Have_b_or_k?": "N/A",
    "Author": "N/A",
    "Title": "Light-Horse Harry Lee: The Rise and Fall of a Revolutionary Hero (Audible Audio Edition): Ryan Cole, John McLain, Blackstone Publishing"
  },
  {
    "Price": 13.96,
    "cellNumber": "E87",
    "hyperlink": "N/A",
    "Category": "lincoln",
    "Have_b_or_k?": "have b or k",
    "Author": "N/A",
    "Title": "Lincoln as He Really Was"
  },
  {
    "Price": 21.83,
    "cellNumber": "E88",
    "hyperlink": "https://www.amazon.com/gp/product/B0047ZAXCO/ref=pe_27541010_611186600_em_1p_4_lm",
    "Category": "American",
    "Have_b_or_k?": "have b or k",
    "Author": "N/A",
    "Title": "Lion of Liberty: Patrick Henry and the Call to a New Nation (Audible Audio Edition): Harlow Giles Unger, William Hughes, Blackstone Audio, Inc."
  },
  {
    "Price": "N/A",
    "cellNumber": "E89",
    "hyperlink": "https://www.audible.com/pd/Means-of-Ascent-Audiobook/B00GS3UI9G?ref=a_wl_c5_desk_pg1_15&pf_rd_p=400b1420-4f6a-4b9e-bcc9-3211081ebfe1&pf_rd_r=JHN3TR69FQ8FFZ14FJVK",
    "Category": "LBJ",
    "Have_b_or_k?": "N/A",
    "Author": "N/A",
    "Title": "Means of Ascent by Robert A. Caro | Audiobook | Audible.com"
  },
  {
    "Price": "N/A",
    "cellNumber": "E90",
    "hyperlink": "https://www.audible.com/pd/Meet-You-in-Hell-Audiobook/B002V5J418?ref=a_wl_c5_desk_pg1_3&pf_rd_p=400b1420-4f6a-4b9e-bcc9-3211081ebfe1&pf_rd_r=JHN3TR69FQ8FFZ14FJVK",
    "Category": "American",
    "Have_b_or_k?": "N/A",
    "Author": "N/A",
    "Title": "Meet You in Hell by Les Standiford | Audiobook | Audible.com"
  },
  {
    "Price": 41.95,
    "cellNumber": "E91",
    "hyperlink": "https://www.amazon.com/dp/B000JCE35W?plink=yEDVWS05DHs0E2AP&ref_=adblp13npsbx_1_0_im",
    "Category": "American",
    "Have_b_or_k?": "have b or k",
    "Author": "N/A",
    "Title": "Mellon: An American Life (Audible Audio Edition): David Cannadine, John H. Mayer, Random House Audio: Books"
  },
  {
    "Price": 27.96,
    "cellNumber": "E92",
    "hyperlink": "N/A",
    "Category": "American",
    "Have_b_or_k?": "have b or k",
    "Author": "N/A",
    "Title": "Modern Times: The World from the Twenties to the Nineties"
  },
  {
    "Price": "included",
    "cellNumber": "E93",
    "hyperlink": "https://www.amazon.com/gp/product/B00FX6DXI2/ref=pe_27541010_611186600_em_1p_7_lm",
    "Category": "American",
    "Have_b_or_k?": "N/A",
    "Author": "N/A",
    "Title": "'Mr. President': George Washington and the Making of the Nation's Highest Office (Audible Audio Edition): Harlow Giles Unger, Robertson Dean, Blackstone Audio, Inc."
  },
  {
    "Price": 16.96,
    "cellNumber": "E94",
    "hyperlink": "N/A",
    "Category": "Nixon",
    "Have_b_or_k?": "N/A",
    "Author": "N/A",
    "Title": "Nixon's Gamble: How a President's Own Secret Government Destroyed His Administration"
  },
  {
    "Price": "N/A",
    "cellNumber": "E95",
    "hyperlink": "https://smile.amazon.com/gp/product/B002HTO46I/ref=pe_3730140_577802530_em_1p_6_lm",
    "Category": "politics",
    "Have_b_or_k?": "N/A",
    "Author": "N/A",
    "Title": "On the Social Contract (Audible Audio Edition): Jean-Jacques Rousseau, Erik Sandval, Blackstone Audio, Inc.: Audible Audiobooks"
  },
  {
    "Price": 20.96,
    "cellNumber": "E96",
    "hyperlink": "N/A",
    "Category": "JFK",
    "Have_b_or_k?": "N/A",
    "Author": "N/A",
    "Title": "Operation Mind Control"
  },
  {
    "Price": "N/A",
    "cellNumber": "E97",
    "hyperlink": "https://www.audible.com/pd/Operation-Mind-Control-Audiobook/B0193NX254?ref=a_wl_c5_desk_pg1_0&pf_rd_p=400b1420-4f6a-4b9e-bcc9-3211081ebfe1&pf_rd_r=JHN3TR69FQ8FFZ14FJVK",
    "Category": "MKUltra",
    "Have_b_or_k?": "N/A",
    "Author": "Bowart",
    "Title": "Operation Mind Control by W. H. Bowart | Audiobook | Audible.com"
  },
  {
    "Price": 27.96,
    "cellNumber": "E98",
    "hyperlink": "N/A",
    "Category": "American",
    "Have_b_or_k?": "have b or k",
    "Author": "N/A",
    "Title": "Operation Paperclip: The Secret Intelligence Program that Brought Nazi Scientists to America"
  },
  {
    "Price": 20.99,
    "cellNumber": "E99",
    "hyperlink": "N/A",
    "Category": "JFK",
    "Have_b_or_k?": "have b or k",
    "Author": "N/A",
    "Title": "Oswald's Tale: An American Mystery"
  },
  {
    "Price": 20.96,
    "cellNumber": "E100",
    "hyperlink": "N/A",
    "Category": "Lincoln",
    "Have_b_or_k?": "N/A",
    "Author": "N/A",
    "Title": "Our One Common Country: Abraham Lincoln and the Hampton Roads Peace Conference of 1865"
  },
  {
    "Price": "N/A",
    "cellNumber": "E101",
    "hyperlink": "https://www.amazon.com/Our-One-Common-Country-Conference/dp/B00HFYJLDG/ref=tmm_aud_swatch_0?_encoding=UTF8&qid=&sr=",
    "Category": "American",
    "Have_b_or_k?": "N/A",
    "Author": "N/A",
    "Title": "Our One Common Country: Abraham Lincoln and the Hampton Roads Peace Conference of 1865 (Audible Audio Edition): James B. Conroy, Malcolm Hillgartner, Blackstone Audio, Inc.: Audible Books & Originals"
  },
  {
    "Price": 7.49,
    "cellNumber": "E102",
    "hyperlink": "N/A",
    "Category": "JFK",
    "Have_b_or_k?": "have b or k",
    "Author": "N/A",
    "Title": "Overthrow: America's Century of Regime Change from Hawaii to Iraq"
  },
  {
    "Price": "included",
    "cellNumber": "E103",
    "hyperlink": "https://www.amazon.com/gp/product/B002SKYTBQ/ref=pe_27541010_611186600_em_1p_8_lm",
    "Category": "American",
    "Have_b_or_k?": "N/A",
    "Author": "N/A",
    "Title": "Passionate Sage: The Character and Legacy of John Adams (Audible Audio Edition): Joseph J. Ellis, Tom Parker, Blackstone Audio, Inc."
  },
  {
    "Price": 20.96,
    "cellNumber": "E104",
    "hyperlink": "N/A",
    "Category": "FDR",
    "Have_b_or_k?": "have b or k",
    "Author": "N/A",
    "Title": "Pearl Harbor: The Seeds and Fruits of Infamy"
  },
  {
    "Price": 22.99,
    "cellNumber": "E105",
    "hyperlink": "N/A",
    "Category": "American",
    "Have_b_or_k?": "have b or k",
    "Author": "N/A",
    "Title": "Pearl Harbor: The Verdict of History (Audible Audio Edition): Gordon Prange, Dennis Holland, Audible Studios: Audible Books & Originals"
  },
  {
    "Price": 8.99,
    "cellNumber": "E106",
    "hyperlink": "N/A",
    "Category": "American",
    "Have_b_or_k?": "have b or k",
    "Author": "N/A",
    "Title": "Prolonging the Agony: How The Anglo-American Establishment Deliberately Extended WWI by Three-and-a-Half Years"
  },
  {
    "Price": "N/A",
    "cellNumber": "E107",
    "hyperlink": "https://www.chirpbooks.com/audiobooks/raylan-by-elmore-leonard?promotion_id=17840",
    "Category": "fiction",
    "Have_b_or_k?": "N/A",
    "Author": "Leonard",
    "Title": "Raylan - Audiobook, by Elmore Leonard | Chirp"
  },
  {
    "Price": "N/A",
    "cellNumber": "E108",
    "hyperlink": "https://www.audible.com/pd/Real-Enemies-Audiobook/1541446852?ref=a_wl_c5_desk_pg1_6&pf_rd_p=400b1420-4f6a-4b9e-bcc9-3211081ebfe1&pf_rd_r=JHN3TR69FQ8FFZ14FJVK",
    "Category": "conspiracy",
    "Have_b_or_k?": "N/A",
    "Author": "N/A",
    "Title": "Real Enemies by Kathryn S. Olmsted | Audiobook | Audible.com"
  },
  {
    "Price": 21,
    "cellNumber": "E109",
    "hyperlink": "N/A",
    "Category": "conspiracy",
    "Have_b_or_k?": "have b or k",
    "Author": "N/A",
    "Title": "Real Enemies: Conspiracy Theories and American Democracy…"
  },
  {
    "Price": 30.58,
    "cellNumber": "E110",
    "hyperlink": "N/A",
    "Category": "Russia",
    "Have_b_or_k?": "N/A",
    "Author": "N/A",
    "Title": "Red Famine: Stalin's War on Ukraine – Unabridged Anne Applebaum"
  },
  {
    "Price": "N/A",
    "cellNumber": "E111",
    "hyperlink": "https://www.audible.com/pd/Relentless-Strike-Audiobook/B013EVHUZY?ref=a_wl_c5_desk_pg2_1&pf_rd_p=400b1420-4f6a-4b9e-bcc9-3211081ebfe1&pf_rd_r=9294771QZZWQAE9YRAR0",
    "Category": "spies",
    "Have_b_or_k?": "N/A",
    "Author": "N/A",
    "Title": "Relentless Strike by Sean Naylor | Audiobook | Audible.com"
  },
  {
    "Price": "N/A",
    "cellNumber": "E112",
    "hyperlink": "https://www.audible.com/pd/Russian-History-Audiobook/B07KFPTCS2?ref=a_wl_c5_desk_pg1_8&pf_rd_p=400b1420-4f6a-4b9e-bcc9-3211081ebfe1&pf_rd_r=JHN3TR69FQ8FFZ14FJVK",
    "Category": "Russian",
    "Have_b_or_k?": "N/A",
    "Author": "N/A",
    "Title": "Russian History by Captivating History | Audiobook | Audible.com"
  },
  {
    "Price": "N/A",
    "cellNumber": "E113",
    "hyperlink": "https://www.amazon.com/gp/product/B00GVFNN1Q/ref=pe_27541010_588066820_em_1p_4_lm",
    "Category": "Lenin",
    "Have_b_or_k?": "N/A",
    "Author": "N/A",
    "Title": "Setting the East Ablaze: Lenin's Dream of an Empire in Asia eBook : Hopkirk, Peter: Kindle Store"
  },
  {
    "Price": "N/A",
    "cellNumber": "E114",
    "hyperlink": "https://www.amazon.com/gp/product/B00GVFNN1Q/ref=pe_27541010_588066820_em_1p_4_lm",
    "Category": "N/A",
    "Have_b_or_k?": "N/A",
    "Author": "N/A",
    "Title": "Setting the East Ablaze: Lenin's Dream of an Empire in Asia eBook : Hopkirk, Peter: Kindle Store"
  },
  {
    "Price": 14.69,
    "cellNumber": "E115",
    "hyperlink": "N/A",
    "Category": "JFK",
    "Have_b_or_k?": "have b or k",
    "Author": "N/A",
    "Title": "Sherman's March: The First Full-Length Narrative of General William T. Sherman's Devastating March Through Georgia and the Carolinas $14.69"
  },
  {
    "Price": 20.96,
    "cellNumber": "E116",
    "hyperlink": "N/A",
    "Category": "rome",
    "Have_b_or_k?": "have b or k",
    "Author": "N/A",
    "Title": "SPQR: A History of Ancient Rome"
  },
  {
    "Price": "N/A",
    "cellNumber": "E117",
    "hyperlink": "https://www.audible.com/pd/Stalin-Audiobook/B002VA909Y?ref=a_wl_c5_desk_pg1_9&pf_rd_p=400b1420-4f6a-4b9e-bcc9-3211081ebfe1&pf_rd_r=JHN3TR69FQ8FFZ14FJVK",
    "Category": "Stalin",
    "Have_b_or_k?": "N/A",
    "Author": "N/A",
    "Title": "Stalin by Robert Conquest | Audiobook | Audible.com"
  },
  {
    "Price": "N/A",
    "cellNumber": "E118",
    "hyperlink": "https://www.audible.com/pd/Stalin-Audiobook/1984891278?ref=a_wl_c5_desk_pg1_14&pf_rd_p=400b1420-4f6a-4b9e-bcc9-3211081ebfe1&pf_rd_r=JHN3TR69FQ8FFZ14FJVK",
    "Category": "Stalin",
    "Have_b_or_k?": "N/A",
    "Author": "N/A",
    "Title": "Stalin by Simon Sebag Montefiore | Audiobook | Audible.com"
  },
  {
    "Price": 26.94,
    "cellNumber": "E119",
    "hyperlink": "https://www.amazon.com/Stalin-Volume-I-Stephen-Kotkin-audiobook/dp/B00QL17Z50/ref=sr_1_4?crid=2VZA9I1B7B3GH&keywords=stalin&qid=1635908806&s=books&sprefix=stalin%2Cstripbooks%2C130&sr=1-4",
    "Category": "American",
    "Have_b_or_k?": "have b or k",
    "Author": "N/A",
    "Title": "Stalin, Volume I: Paradoxes of Power, 1878-1928 (Audible Audio Edition): Stephen Kotkin, Paul Hecht, Recorded Books: Books"
  },
  {
    "Price": 29.39,
    "cellNumber": "E120",
    "hyperlink": "https://www.amazon.com/Stalin-Volume-II-Stephen-Kotkin-audiobook/dp/B07884ZNR8/ref=sr_1_8?crid=2VZA9I1B7B3GH&keywords=stalin&qid=1635908806&s=books&sprefix=stalin%2Cstripbooks%2C130&sr=1-8",
    "Category": "American",
    "Have_b_or_k?": "have b or k",
    "Author": "N/A",
    "Title": "Stalin, Volume II: Waiting for Hitler, 1929-1941 (Audible Audio Edition): Stephen Kotkin, Paul Hecht, Recorded Books: Books"
  },
  {
    "Price": "N/A",
    "cellNumber": "E121",
    "hyperlink": "https://www.amazon.com/Stalin-Volume-II-Stephen-Kotkin-audiobook/dp/B07884ZNR8/ref=sr_1_8?crid=2VZA9I1B7B3GH&keywords=stalin&qid=1635908806&s=books&sprefix=stalin%2Cstripbooks%2C130&sr=1-8",
    "Category": "N/A",
    "Have_b_or_k?": "N/A",
    "Author": "N/A",
    "Title": "Stalin, Volume II: Waiting for Hitler, 1929-1941 (Audible Audio Edition): Stephen Kotkin, Paul Hecht, Recorded Books: Books"
  },
  {
    "Price": 14.95,
    "cellNumber": "E122",
    "hyperlink": "https://www.amazon.com/Stalin-Robert-Conquest-audiobook/dp/B001L4EE3I/ref=tmm_aud_swatch_0?_encoding=UTF8&qid=&sr=",
    "Category": "American",
    "Have_b_or_k?": "have b or k",
    "Author": "N/A",
    "Title": "Stalin: Breaker of Nations (Audible Audio Edition): Robert Conquest, Frederick Davidson, Blackstone Audio, Inc.: Books"
  },
  {
    "Price": 20.96,
    "cellNumber": "E123",
    "hyperlink": "https://www.amazon.com/Stalin-audiobook/dp/B07BB57TH8/ref=sr_1_6?crid=2VZA9I1B7B3GH&keywords=stalin&qid=1635908806&s=books&sprefix=stalin%2Cstripbooks%2C130&sr=1-6",
    "Category": "American",
    "Have_b_or_k?": "have b or k",
    "Author": "N/A",
    "Title": "Stalin: New Biography of a Dictator (Audible Audio Edition): Oleg V. Khlevniuk, Nora Seligman Favorov - translator, Peter Ganim, Audible Studios: Books"
  },
  {
    "Price": 14.99,
    "cellNumber": "E124",
    "hyperlink": "https://www.amazon.com/Stalin-Passage-to-Revolution/dp/B08CQ6V8Q4/ref=sr_1_9?crid=2VZA9I1B7B3GH&keywords=stalin&qid=1635908806&s=books&sprefix=stalin%2Cstripbooks%2C130&sr=1-9",
    "Category": "American",
    "Have_b_or_k?": "have b or k",
    "Author": "N/A",
    "Title": "Stalin: Passage to Revolution (Audible Audio Edition): Ronald Grigor Suny, Robbie Stevens, Princeton University Press: Books"
  },
  {
    "Price": 31.85,
    "cellNumber": "E125",
    "hyperlink": "https://www.amazon.com/Stalin-Simon-Sebag-Montefiore-audiobook/dp/B07VV6XVZC/ref=sr_1_5?crid=2VZA9I1B7B3GH&keywords=stalin&qid=1635908806&s=books&sprefix=stalin%2Cstripbooks%2C130&sr=1-5",
    "Category": "American",
    "Have_b_or_k?": "have b or k",
    "Author": "N/A",
    "Title": "Stalin: The Court of the Red Tsar (Audible Audio Edition): Jonathan Aris, Simon Sebag Montefiore, Random House Audio: Books"
  },
  {
    "Price": 14.66,
    "cellNumber": "E126",
    "hyperlink": "https://www.amazon.com/Stalin-Edvard-Radzinsky-audiobook/dp/B0002RS4FE/ref=sr_1_7?crid=2VZA9I1B7B3GH&keywords=stalin&qid=1635908806&s=books&sprefix=stalin%2Cstripbooks%2C130&sr=1-7",
    "Category": "American",
    "Have_b_or_k?": "have b or k",
    "Author": "N/A",
    "Title": "Stalin: The First In-depth Biography Based on Explosive New Documents from Russia's Secret Archives (Audible Audio Edition): Edvard Radzinsky, David McCallum, Random House Audio: Books"
  },
  {
    "Price": 28.66,
    "cellNumber": "E127",
    "hyperlink": "https://www.amazon.com/Stalins-Daughter-audiobook/dp/B00V3WKWMU/ref=sr_1_17?crid=2VZA9I1B7B3GH&keywords=stalin&qid=1635908998&s=books&sprefix=stalin%2Cstripbooks%2C130&sr=1-17",
    "Category": "JFK",
    "Have_b_or_k?": "have b or k",
    "Author": "N/A",
    "Title": "Stalin's Daughter: The Extraordinary and Tumultuous Life of Svetlana Alliluyeva (Audible Audio Edition): Rosemary Sullivan, Karen Cass, HarperAudio: Books"
  },
  {
    "Price": 17,
    "cellNumber": "E128",
    "hyperlink": "N/A",
    "Category": "Russia",
    "Have_b_or_k?": "N/A",
    "Author": "N/A",
    "Title": "Stalin's Secret Agents: The Subversion of Roosevelt's Government"
  },
  {
    "Price": "N/A",
    "cellNumber": "E129",
    "hyperlink": "https://www.audible.com/pd/Stealing-Home-Audiobook/1549184377?mi_u=amzn1.account.AFTTCT7HR5TI7ZJGE4HJZHBA4A4A&mi_sc=t&mi_cmp=0b1caa2b60b075e5&ddDate=01+April+2021&mi_ecmp=576510820&source_code=AUDOREM0405189NA9",
    "Category": "baseball",
    "Have_b_or_k?": "N/A",
    "Author": "N/A",
    "Title": "Stealing Home by Eric Nusbaum | Audiobook | Audible.com"
  },
  {
    "Price": 21.55,
    "cellNumber": "E130",
    "hyperlink": "N/A",
    "Category": "American",
    "Have_b_or_k?": "have b or k",
    "Author": "N/A",
    "Title": "Surprise, Kill, Vanish: The Secret History of CIA Paramilitary Armies, Operators, and Assassins"
  },
  {
    "Price": "N/A",
    "cellNumber": "E131",
    "hyperlink": "https://www.audible.com/pd/Surrounded-by-Enemies-Audiobook/B00F8JE9ZA?ref=a_wl_c5_desk_pg2_33&pf_rd_p=400b1420-4f6a-4b9e-bcc9-3211081ebfe1&pf_rd_r=9294771QZZWQAE9YRAR0",
    "Category": "JFK",
    "Have_b_or_k?": "N/A",
    "Author": "N/A",
    "Title": "Surrounded by Enemies by Bryce Zabel | Audiobook | Audible.com"
  },
  {
    "Price": "N/A",
    "cellNumber": "E132",
    "hyperlink": "https://www.amazon.com/Taking-on-Trust-Steve-Weinberg-audiobook-dp-B0018ABJ10/dp/B0018ABJ10/ref=mt_other?_encoding=UTF8&me=&qid=",
    "Category": "American",
    "Have_b_or_k?": "N/A",
    "Author": "N/A",
    "Title": "Taking on the Trust: The Epic Battle of Ida Tarbell and John D. Rockefeller (Audible Audio Edition): Steve Weinberg, Pam Ward, Blackstone Audio, Inc.: Books"
  },
  {
    "Price": 17.46,
    "cellNumber": "E133",
    "hyperlink": "N/A",
    "Category": "American",
    "Have_b_or_k?": "N/A",
    "Author": "N/A",
    "Title": "Taking on the Trust: The Epic Battle of Ida Tarbell and John D. Rockefeller  – Unabridged $17.46"
  },
  {
    "Price": "N/A",
    "cellNumber": "E134",
    "hyperlink": "https://www.amazon.com/Target-Patton-Robert-K-Wilcox-audiobook/dp/B007PKBA48/ref=sr_1_29?keywords=venona&qid=1639374748&sr=8-29",
    "Category": "N/A",
    "Have_b_or_k?": "N/A",
    "Author": "N/A",
    "Title": "Target: Patton: The Plot to Assassinate General George S. Patton (Audible Audio Edition): Robert K. Wilcox, Lynn Benson, Regnery Publishing: Books"
  },
  {
    "Price": "included",
    "cellNumber": "E135",
    "hyperlink": "https://www.amazon.com/gp/product/B00B2NVZR6/ref=pe_27541010_611186600_em_1p_14_lm",
    "Category": "American",
    "Have_b_or_k?": "N/A",
    "Author": "N/A",
    "Title": "Thaddeus Stevens: Nineteenth-Century Egalitarian (Audible Audio Edition): Hans L. Trefousse, Tom Weiner, Blackstone Audio, Inc."
  },
  {
    "Price": "N/A",
    "cellNumber": "E136",
    "hyperlink": "https://smile.amazon.com/gp/product/B01HQMJ9NS/ref=pe_27541010_572664700_em_1p_5_lm",
    "Category": "fiction",
    "Have_b_or_k?": "N/A",
    "Author": "N/A",
    "Title": "The Adventures of Tom Sawyer (Audible Audio Edition): Mark Twain, Nick Offerman, Audible Studios: Books"
  },
  {
    "Price": "N/A",
    "cellNumber": "E137",
    "hyperlink": "https://www.amazon.com/The-Battle-of-Bretton-Woods-audiobook/dp/B00BSHNLGY/ref=tmm_aud_swatch_0?_encoding=UTF8&qid=1639290774&sr=8-2-fkmr2",
    "Category": "N/A",
    "Have_b_or_k?": "N/A",
    "Author": "N/A",
    "Title": "The Battle of Bretton Woods: John Maynard Keynes, Harry Dexter White, and the Making of a New World Order (Audible Audio Edition): Benn Steil, Philip Rose, Audible Studios: Books"
  },
  {
    "Price": "N/A",
    "cellNumber": "E138",
    "hyperlink": "https://www.amazon.com/The-Bluegrass-Conspiracy-audiobook/dp/B07S9GF1DB/ref=sr_1_29?crid=18DSICVDG19DG&dchild=1&keywords=conspiracy+of+conspiracies&qid=1614398319&sprefix=conspiracy+of+consp%2Caps%2C187&sr=8-29",
    "Category": "conspiracy",
    "Have_b_or_k?": "N/A",
    "Author": "N/A",
    "Title": "The Bluegrass Conspiracy: An Inside Story of Power, Greed, Drugs, and Murder (Audible Audio Edition): Sally Denton, Kate Mulligan, Blackstone Audio, Inc.: Books"
  },
  {
    "Price": 14,
    "cellNumber": "E139",
    "hyperlink": "N/A",
    "Category": "American",
    "Have_b_or_k?": "N/A",
    "Author": "N/A",
    "Title": "The Bush Crime Family: The Inside Story of an American Dynasty"
  },
  {
    "Price": "N/A",
    "cellNumber": "E140",
    "hyperlink": "https://smile.amazon.com/gp/product/B0050OQCS0/ref=pe_26025950_573290030_em_1p_2_lm",
    "Category": "fiction",
    "Have_b_or_k?": "N/A",
    "Author": "N/A",
    "Title": "The Cask of Amontillado (Audible Audio Edition): Edgar Allan Poe, B.J. Harrison, B.J. Harrison: Books"
  },
  {
    "Price": 13.96,
    "cellNumber": "E141",
    "hyperlink": "N/A",
    "Category": 911,
    "Have_b_or_k?": "have b or k",
    "Author": "N/A",
    "Title": "The Commission: The Uncensored History of the 9/11 Investigation"
  },
  {
    "Price": "N/A",
    "cellNumber": "E142",
    "hyperlink": "https://www.chirpbooks.com/audiobooks/the-crusades-101-holy-knights-epic-battles-and-sacred-land?promotion_id=22343",
    "Category": "Crusades",
    "Have_b_or_k?": "N/A",
    "Author": "N/A",
    "Title": "The Crusades 101: Holy Knights, Epic Battles, and Sacred Land - Audiobook, by Christopher M. Bellitto | Chirp"
  },
  {
    "Price": 27.96,
    "cellNumber": "E143",
    "hyperlink": "N/A",
    "Category": "england",
    "Have_b_or_k?": "have b or k",
    "Author": "N/A",
    "Title": "The English and Their History"
  },
  {
    "Price": "N/A",
    "cellNumber": "E144",
    "hyperlink": "https://www.audible.com/pd/The-Fall-of-the-Pagans-and-the-Origins-of-Medieval-Christianity-Audiobook/B00DEH8UCQ?ref=a_wl_c5_desk_pg1_25&pf_rd_p=400b1420-4f6a-4b9e-bcc9-3211081ebfe1&pf_rd_r=JHN3TR69FQ8FFZ14FJVK",
    "Category": "christian",
    "Have_b_or_k?": "N/A",
    "Author": "N/A",
    "Title": "The Fall of the Pagans and the Origins of Medieval Christianity by Kenneth W. Harl, The Great Courses | Audiobook | Audible.com"
  },
  {
    "Price": "N/A",
    "cellNumber": "E145",
    "hyperlink": "https://www.audible.com/pd/The-Field-of-Blood-Audiobook/1427293414?ref=a_wl_c5_desk_pg1_19&pf_rd_p=400b1420-4f6a-4b9e-bcc9-3211081ebfe1&pf_rd_r=JHN3TR69FQ8FFZ14FJVK",
    "Category": "American",
    "Have_b_or_k?": "N/A",
    "Author": "N/A",
    "Title": "The Field of Blood by Joanne B. Freeman | Audiobook | Audible.com"
  },
  {
    "Price": 21,
    "cellNumber": "E146",
    "hyperlink": "N/A",
    "Category": "American",
    "Have_b_or_k?": "have b or k",
    "Author": "N/A",
    "Title": "The First Congress: How James Madison, George…"
  },
  {
    "Price": "N/A",
    "cellNumber": "E147",
    "hyperlink": "https://www.audible.com/pd/The-First-Conspiracy-Audiobook/B07D81LKVW?ref=a_wl_c5_desk_pg1_13&pf_rd_p=400b1420-4f6a-4b9e-bcc9-3211081ebfe1&pf_rd_r=JHN3TR69FQ8FFZ14FJVK",
    "Category": "conspiracy",
    "Have_b_or_k?": "N/A",
    "Author": "N/A",
    "Title": "The First Conspiracy by Brad Meltzer, Josh Mensch | Audiobook | Audible.com"
  },
  {
    "Price": 24,
    "cellNumber": "E148",
    "hyperlink": "N/A",
    "Category": "American",
    "Have_b_or_k?": "have b or k",
    "Author": "N/A",
    "Title": "The General vs. the President: MacArthur and Truman at the Brink…"
  },
  {
    "Price": "N/A",
    "cellNumber": "E149",
    "hyperlink": "https://www.audible.com/pd/The-Great-Terror-Audiobook/B002V1CFH2?ref=a_wl_c5_desk_pg1_10&pf_rd_p=400b1420-4f6a-4b9e-bcc9-3211081ebfe1&pf_rd_r=JHN3TR69FQ8FFZ14FJVK",
    "Category": "Stalin",
    "Have_b_or_k?": "N/A",
    "Author": "Conquest",
    "Title": "The Great Terror by Robert Conquest | Audiobook | Audible.com"
  },
  {
    "Price": 7.49,
    "cellNumber": "E150",
    "hyperlink": "N/A",
    "Category": "WWI",
    "Have_b_or_k?": "have b or k",
    "Author": "N/A",
    "Title": "The Guns of August "
  },
  {
    "Price": "N/A",
    "cellNumber": "E151",
    "hyperlink": "https://www.chirpbooks.com/audiobooks/the-history-of-ireland-by-history-nerds?bba=t&hg=t&utm_campaign=2020133&utm_source=bb_ads",
    "Category": "England",
    "Have_b_or_k?": "N/A",
    "Author": "N/A",
    "Title": "The History of Ireland - Audiobook, by History Nerds | Chirp"
  },
  {
    "Price": 27.96,
    "cellNumber": "E152",
    "hyperlink": "N/A",
    "Category": "American",
    "Have_b_or_k?": "have b or k",
    "Author": "N/A",
    "Title": "The History of the Medieval World: From the Conversion of Constantine to the First Crusade "
  },
  {
    "Price": 27.96,
    "cellNumber": "E153",
    "hyperlink": "N/A",
    "Category": "American",
    "Have_b_or_k?": "have b or k",
    "Author": "N/A",
    "Title": "The History of the Renaissance World: From the Rediscovery of Aristotle to the Conquest of Constantinople"
  },
  {
    "Price": 13.96,
    "cellNumber": "E154",
    "hyperlink": "https://www.amazon.com/Hour-Fate-Roosevelt-Transform-Capitalism/dp/B087XZNW7C/ref=tmm_aud_swatch_0?_encoding=UTF8&qid=&sr=",
    "Category": "American",
    "Have_b_or_k?": "have b or k",
    "Author": "N/A",
    "Title": "The Hour of Fate: Theodore Roosevelt, J.P. Morgan, and the Battle to Transform American Capitalism (Audible Audio Edition): Susan Berfield, Jennifer Woodward, Bloomsbury Publishing Plc: Books"
  },
  {
    "Price": "N/A",
    "cellNumber": "E155",
    "hyperlink": "https://www.amazon.com/gp/product/B08512J23N?ref=em_1p_4_im&ref_=pe_3808430_587173000",
    "Category": "JFK",
    "Have_b_or_k?": "N/A",
    "Author": "Patterson",
    "Title": "The House of Kennedy (Audible Audio Edition): James Patterson, David Pittu, Little, Brown & Company: Audible Books & Originals"
  },
  {
    "Price": "N/A",
    "cellNumber": "E156",
    "hyperlink": "https://www.audible.com/pd/The-House-of-Morgan-Audiobook/B00H9JEIDA?ref=a_wl_c5_desk_pg3_14&pf_rd_p=400b1420-4f6a-4b9e-bcc9-3211081ebfe1&pf_rd_r=K39ZE35E5WZGQ46ZRP88",
    "Category": "finance",
    "Have_b_or_k?": "N/A",
    "Author": "Chernow",
    "Title": "The House of Morgan by Ron Chernow | Audiobook | Audible.com"
  },
  {
    "Price": "N/A",
    "cellNumber": "E157",
    "hyperlink": "https://www.amazon.com/House-Morgan-American-Banking-Dynasty/dp/0802144659/ref=tmm_pap_swatch_0?_encoding=UTF8&qid=&sr=",
    "Category": "American",
    "Have_b_or_k?": "N/A",
    "Author": "Chernow",
    "Title": "The House of Morgan: An American Banking Dynasty and the Rise of Modern Finance: Chernow, Ron: 8601420785410: Amazon.com: Books"
  },
  {
    "Price": "N/A",
    "cellNumber": "E158",
    "hyperlink": "https://www.amazon.com/House-of-Rothschild-Volume-1-audiobook/dp/B07L5T55D7/ref=sr_1_3?crid=1K884S0QU3HRI&dchild=1&keywords=rothschild&qid=1623091501&sprefix=rdoths%2Caps%2C210&sr=8-3",
    "Category": "finance",
    "Have_b_or_k?": "N/A",
    "Author": "N/A",
    "Title": "The House of Rothschild, Volume 1: Money's Prophets: 1798-1848 (Audible Audio Edition): Niall Ferguson, Alexander Adams, Penguin Audio: Books"
  },
  {
    "Price": "N/A",
    "cellNumber": "E159",
    "hyperlink": "https://smile.amazon.com/gp/product/B0051B2BGE/ref=pe_3730140_577802530_em_1p_4_lm",
    "Category": "politics",
    "Have_b_or_k?": "N/A",
    "Author": "N/A",
    "Title": "The Jungle (Audible Audio Edition): Upton Sinclair, Grover Gardner, Blackstone Audio, Inc.: Audible Audiobooks"
  },
  {
    "Price": "N/A",
    "cellNumber": "E160",
    "hyperlink": "https://smile.amazon.com/gp/product/B0076I1MRO/ref=pe_30952330_573242780_em_1p_8_lm",
    "Category": "England",
    "Have_b_or_k?": "N/A",
    "Author": "N/A",
    "Title": "The Legends of King Arthur and His Knights (Audible Audio Edition): Sir James Knowles, Eric Brooks, Audible Studios: Audible Books & Originals"
  },
  {
    "Price": "N/A",
    "cellNumber": "E161",
    "hyperlink": "https://archive.org/details/librivoxaudio?query=verona&sin=&sort=-downloads",
    "Category": "book list",
    "Have_b_or_k?": "N/A",
    "Author": "N/A",
    "Title": "The LibriVox Free Audiobook Collection : Free Audio : Free Download, Borrow and Streaming : Internet Archive"
  },
  {
    "Price": 20.96,
    "cellNumber": "E162",
    "hyperlink": "N/A",
    "Category": "American",
    "Have_b_or_k?": "have b or k",
    "Author": "N/A",
    "Title": "The Lone Star Speaks: Untold Texas Stories About the JFK Assassination"
  },
  {
    "Price": "N/A",
    "cellNumber": "E163",
    "hyperlink": "https://www.amazon.com/gp/product/B00KGMIWBG/ref=pe_3821000_588254900_em_1p_1_lm",
    "Category": "American",
    "Have_b_or_k?": "N/A",
    "Author": "N/A",
    "Title": "The Lords of Creation: The History of America's 1 Percent (Forbidden Bookshelf) eBook : Allen, Frederick Lewis, Miller, Mark Crispin, Morgenson, Gretchen: Kindle Store"
  },
  {
    "Price": "N/A",
    "cellNumber": "E164",
    "hyperlink": "https://www.chirpbooks.com/audiobooks/the-mexican-american-war-by-jeffrey-rogers-hummel",
    "Category": "American",
    "Have_b_or_k?": "N/A",
    "Author": "N/A",
    "Title": "The Mexican-American War - Audiobook, by Jeffrey Rogers Hummel | Chirp"
  },
  {
    "Price": 21.22,
    "cellNumber": "E165",
    "hyperlink": "https://www.amazon.com/Million-Dollar-Helped-Kill-President-Assassination/dp/B07QX8W65D/ref=tmm_aud_swatch_0?_encoding=UTF8&qid=&sr=",
    "Category": "American",
    "Have_b_or_k?": "have b or k",
    "Author": "N/A",
    "Title": "The Million-Dollar Man Who Helped Kill a President: George Washington Gayle and the Assassination of Abraham Lincoln (Audible Audio Edition): Christopher McIlwain, Roger L. Jackson, Savas Beatie: Audible Books & Originals"
  },
  {
    "Price": "N/A",
    "cellNumber": "E166",
    "hyperlink": "https://www.amazon.com/gp/product/1892941902/ref=pe_2313400_617321240_em_1p_0_lm",
    "Category": "N/A",
    "Have_b_or_k?": "N/A",
    "Author": "N/A",
    "Title": "The Morgenthau Plan: Soviet Influence on American Postwar Policy: Dietrich, John: 9781892941909: Books"
  },
  {
    "Price": 14,
    "cellNumber": "E167",
    "hyperlink": "N/A",
    "Category": "conspiracy",
    "Have_b_or_k?": "have b or k",
    "Author": "N/A",
    "Title": "The Murder of Marilyn Monroe: Case Closed "
  },
  {
    "Price": 13.96,
    "cellNumber": "E168",
    "hyperlink": "N/A",
    "Category": "American",
    "Have_b_or_k?": "have b or k",
    "Author": "N/A",
    "Title": "The Old Ball Game: How John McGraw, Christy Mathewson, and the New York Giants Created Modern Baseball"
  },
  {
    "Price": 20.96,
    "cellNumber": "E169",
    "hyperlink": "N/A",
    "Category": "JFK",
    "Have_b_or_k?": "have b or k",
    "Author": "N/A",
    "Title": "The Pentagon's Brain: An Uncensored History of DARPA, America's Top-Secret Military Research Agency"
  },
  {
    "Price": "included",
    "cellNumber": "E170",
    "hyperlink": "N/A",
    "Category": "American",
    "Have_b_or_k?": "N/A",
    "Author": "N/A",
    "Title": "The Plot to Seize the White House: The Shocking TRUE Story …"
  },
  {
    "Price": 13,
    "cellNumber": "E171",
    "hyperlink": "N/A",
    "Category": "Lincoln",
    "Have_b_or_k?": "N/A",
    "Author": "N/A",
    "Title": "The Problem with Lincoln"
  },
  {
    "Price": "N/A",
    "cellNumber": "E172",
    "hyperlink": "https://smile.amazon.com/gp/product/B001M5G77W/ref=pe_3730140_577802530_em_1p_1_lm",
    "Category": "philosophy",
    "Have_b_or_k?": "N/A",
    "Author": "N/A",
    "Title": "The Republic (Audible Audio Edition): Plato, Pat Bottino, Blackstone Audio, Inc.: Books"
  },
  {
    "Price": 13.57,
    "cellNumber": "E173",
    "hyperlink": "N/A",
    "Category": "American",
    "Have_b_or_k?": "have b or k",
    "Author": "N/A",
    "Title": "The Revolution a Manifesto"
  },
  {
    "Price": "N/A",
    "cellNumber": "E174",
    "hyperlink": "https://www.audible.com/pd/The-Rise-and-Fall-of-Soviet-Communism-A-History-of-20th-Century-Russia-Audiobook/B00DHJ251S?ref=a_wl_c5_desk_pg1_7&pf_rd_p=400b1420-4f6a-4b9e-bcc9-3211081ebfe1&pf_rd_r=JHN3TR69FQ8FFZ14FJVK",
    "Category": "Russian",
    "Have_b_or_k?": "N/A",
    "Author": "N/A",
    "Title": "The Rise and Fall of Soviet Communism: A History of 20th-Century Russia by Gary Hamburg, The Great Courses | Audiobook | Audible.com"
  },
  {
    "Price": 29,
    "cellNumber": "E175",
    "hyperlink": "N/A",
    "Category": "england",
    "Have_b_or_k?": "N/A",
    "Author": "N/A",
    "Title": "The Rise and Fall of the British Empire"
  },
  {
    "Price": "N/A",
    "cellNumber": "E176",
    "hyperlink": "https://www.audible.com/pd/The-Rise-and-Fall-of-the-British-Empire-Audiobook/B00DHJ3M6K?ref=a_wl_c5_desk_pg1_34&pf_rd_p=400b1420-4f6a-4b9e-bcc9-3211081ebfe1&pf_rd_r=JHN3TR69FQ8FFZ14FJVK",
    "Category": "England",
    "Have_b_or_k?": "N/A",
    "Author": "N/A",
    "Title": "The Rise and Fall of the British Empire by Patrick N. Allitt, The Great Courses | Audiobook | Audible.com"
  },
  {
    "Price": "N/A",
    "cellNumber": "E177",
    "hyperlink": "https://www.amazon.com/The-Rockefellers-audiobook/dp/B0000545CH/ref=sr_1_2?keywords=the+rockefellers&qid=1638598263&s=audible&sr=1-2",
    "Category": "N/A",
    "Have_b_or_k?": "N/A",
    "Author": "N/A",
    "Title": "The Rockefellers (Audible Audio Edition): Michael Anthony, Peter Collier, David Horowitz, Blackstone Audio, Inc.: Books"
  },
  {
    "Price": "N/A",
    "cellNumber": "E178",
    "hyperlink": "https://www.audible.com/pd/The-Roman-Empire-From-Augustus-to-the-Fall-of-Rome-Audiobook/B07MDHVBLY?ref=a_wl_c5_desk_pg1_40&pf_rd_p=400b1420-4f6a-4b9e-bcc9-3211081ebfe1&pf_rd_r=JHN3TR69FQ8FFZ14FJVK",
    "Category": "rome",
    "Have_b_or_k?": "N/A",
    "Author": "N/A",
    "Title": "The Roman Empire: From Augustus to the Fall of Rome by Gregory S. Aldrete, The Great Courses | Audiobook | Audible.com"
  },
  {
    "Price": "N/A",
    "cellNumber": "E179",
    "hyperlink": "https://www.amazon.com/The-Rothschilds-Frederic-Morton-audiobook/dp/B07KFKR1N8/ref=sr_1_17?crid=1K884S0QU3HRI&dchild=1&keywords=rothschild&qid=1623091501&sprefix=rdoths%2Caps%2C210&sr=8-17",
    "Category": "finance",
    "Have_b_or_k?": "N/A",
    "Author": "N/A",
    "Title": "The Rothschilds: A Family Portrait (Audible Audio Edition): Frederic Morton, Richard Ferrone, Audible Studios: Books"
  },
  {
    "Price": "N/A",
    "cellNumber": "E180",
    "hyperlink": "https://www.audible.com/pd/The-Russian-Revolution-Audiobook/B08TZQ2D7J?ref=a_wl_c5_desk_pg1_16&pf_rd_p=400b1420-4f6a-4b9e-bcc9-3211081ebfe1&pf_rd_r=JHN3TR69FQ8FFZ14FJVK",
    "Category": "Russian",
    "Have_b_or_k?": "N/A",
    "Author": "N/A",
    "Title": "The Russian Revolution by Sheila Fitzpatrick | Audiobook | Audible.com"
  },
  {
    "Price": "N/A",
    "cellNumber": "E181",
    "hyperlink": "https://www.amazon.com/Russian-Revolution-Richard-Pipes-ebook-dp-B004EBT5G6/dp/B004EBT5G6/ref=mt_other?_encoding=UTF8&me=&qid=",
    "Category": "Russian",
    "Have_b_or_k?": "N/A",
    "Author": "Pipes",
    "Title": "The Russian Revolution eBook : Pipes, Richard: Kindle Store"
  },
  {
    "Price": 20.99,
    "cellNumber": "E182",
    "hyperlink": "https://www.amazon.com/The-Russian-Revolution-audiobook/dp/B072Y2DC9X/ref=sr_1_1?keywords=The+Russian+Revolution&qid=1636871724&qsid=133-9284893-2566646&s=audible&sr=1-1&sres=B072Y2DC9X%2CB08TZJC8F4%2CB07TS51R9B%2CB094T135K2%2CB06XWHMWKB%2CB076JF7J4L%2CB0753L88BB%2CB074JFBC4W%2CB07F2GHDZQ%2CB07G5L2T8D%2CB008RT1SRK%2CB078RTBMSS%2CB07J5W1S8K%2CB0044X81LY%2CB07ZS1JCK7%2CB01N4UDE0M",
    "Category": "Russia",
    "Have_b_or_k?": "have b or k",
    "Author": "N/A",
    "Title": "The Russian Revolution: A New History"
  },
  {
    "Price": "N/A",
    "cellNumber": "E183",
    "hyperlink": "https://www.amazon.com/The-Russian-Revolution-audiobook/dp/B072Y2DC9X/ref=tmm_aud_swatch_0?_encoding=UTF8&qid=&sr=",
    "Category": "Russian",
    "Have_b_or_k?": "N/A",
    "Author": "McMeekin",
    "Title": "The Russian Revolution: A New History (Audible Audio Edition): Sean McMeekin, Pete Larkin, Hachette Audio: Books"
  },
  {
    "Price": "N/A",
    "cellNumber": "E184",
    "hyperlink": "https://www.audible.com/pd/The-Sacred-Band-Audiobook/179712921X?source_code=AUDOR2230602219UDO",
    "Category": "antiquity",
    "Have_b_or_k?": "N/A",
    "Author": "N/A",
    "Title": "The Sacred Band by James Romm | Audiobook | Audible.com"
  },
  {
    "Price": "N/A",
    "cellNumber": "E185",
    "hyperlink": "https://smile.amazon.com/gp/product/B07RCC836F/ref=pe_26025950_573290030_em_1p_5_lm",
    "Category": "fiction",
    "Have_b_or_k?": "N/A",
    "Author": "N/A",
    "Title": "The Scarlet Pimpernel (AmazonClassics Edition) (Audible Audio Edition): Baroness Orczy, Michael Page, Brilliance Audio: Books"
  },
  {
    "Price": "N/A",
    "cellNumber": "E186",
    "hyperlink": "https://www.audible.com/pd/The-Secret-Plot-to-Make-Ted-Kennedy-President-Audiobook/B002V5CJ7O?ref=a_wl_c5_desk_pg1_17&pf_rd_p=400b1420-4f6a-4b9e-bcc9-3211081ebfe1&pf_rd_r=JHN3TR69FQ8FFZ14FJVK",
    "Category": "nixon",
    "Have_b_or_k?": "N/A",
    "Author": "N/A",
    "Title": "The Secret Plot to Make Ted Kennedy President by Geoff Shepard | Audiobook | Audible.com"
  },
  {
    "Price": 29,
    "cellNumber": "E187",
    "hyperlink": "N/A",
    "Category": "American",
    "Have_b_or_k?": "have b or k",
    "Author": "N/A",
    "Title": "The Story of Medieval England: From King Arthur to the Tudor Conquest"
  },
  {
    "Price": "N/A",
    "cellNumber": "E188",
    "hyperlink": "https://smile.amazon.com/gp/product/B076FCPYS6/ref=pe_30952330_573242780_em_1p_4_lm",
    "Category": "fiction",
    "Have_b_or_k?": "N/A",
    "Author": "N/A",
    "Title": "The Strange Case of Dr Jekyll and Mr Hyde (Audible Audio Edition): Robert Louis Stevenson, Richard Armitage, Audible Studios: Audible Books & Originals"
  },
  {
    "Price": 27.96,
    "cellNumber": "E189",
    "hyperlink": "N/A",
    "Category": "england",
    "Have_b_or_k?": "N/A",
    "Author": "N/A",
    "Title": "The Three Edwards"
  },
  {
    "Price": "N/A",
    "cellNumber": "E190",
    "hyperlink": "https://www.amazon.com/The-Three-Edwards-audiobook/dp/B001QVHQHW/ref=tmm_aud_swatch_0?_encoding=UTF8&qid=&sr=",
    "Category": "England",
    "Have_b_or_k?": "N/A",
    "Author": "N/A",
    "Title": "The Three Edwards (Audible Audio Edition): Thomas B. Costain, David Case, Random House Audio: Books"
  },
  {
    "Price": 7.49,
    "cellNumber": "E191",
    "hyperlink": "N/A",
    "Category": "fiction",
    "Have_b_or_k?": "have b or k",
    "Author": "N/A",
    "Title": "The Three Musketeers"
  },
  {
    "Price": "N/A",
    "cellNumber": "E192",
    "hyperlink": "https://smile.amazon.com/gp/product/B07XPDFFVS/ref=pe_27541010_572664700_em_1p_12_lm",
    "Category": "fiction",
    "Have_b_or_k?": "N/A",
    "Author": "N/A",
    "Title": "The Three Musketeers: An Audible Original Drama (Audible Audio Edition): Alexandre Dumas, Marty Ross, David Ahmad, Rachel Atkins, Catherine Bailey, Ed Barry, Timothy Bentinck, Nicholas Boulton, Eliza Butterworth, Gunnar Cauthery, Stephen Critchlow, Adetomiwa Edun, Audible Originals: Audible Books & Originals"
  },
  {
    "Price": "N/A",
    "cellNumber": "E193",
    "hyperlink": "https://www.amazon.com/gp/product/B007BQ2RMU/ref=pe_27541010_587569210_em_1p_5_lm",
    "Category": "American",
    "Have_b_or_k?": "N/A",
    "Author": "N/A",
    "Title": "The Vanderbilts (Audible Audio Edition): Jerry E. Patterson, Ray Childs, Blackstone Audio, Inc.: Books"
  },
  {
    "Price": 7.49,
    "cellNumber": "E194",
    "hyperlink": "N/A",
    "Category": "war",
    "Have_b_or_k?": "have b or k",
    "Author": "N/A",
    "Title": "The War State"
  },
  {
    "Price": "N/A",
    "cellNumber": "E195",
    "hyperlink": "https://www.audible.com/pd/Thomas-Jefferson-and-the-Tripoli-Pirates-Audiobook/B0146TTE5W?ref=a_wl_c5_desk_pg1_45&pf_rd_p=400b1420-4f6a-4b9e-bcc9-3211081ebfe1&pf_rd_r=JHN3TR69FQ8FFZ14FJVK",
    "Category": "American",
    "Have_b_or_k?": "N/A",
    "Author": "N/A",
    "Title": "Thomas Jefferson and the Tripoli Pirates by Brian Kilmeade, Don Yaeger | Audiobook | Audible.com"
  },
  {
    "Price": "N/A",
    "cellNumber": "E196",
    "hyperlink": "https://www.audible.com/pd/Tinseltown-Audiobook/B00OD9P6KI?ref=a_wl_c5_desk_pg1_43&pf_rd_p=400b1420-4f6a-4b9e-bcc9-3211081ebfe1&pf_rd_r=JHN3TR69FQ8FFZ14FJVK",
    "Category": "American",
    "Have_b_or_k?": "N/A",
    "Author": "N/A",
    "Title": "Tinseltown by William J. Mann | Audiobook | Audible.com"
  },
  {
    "Price": 19.55,
    "cellNumber": "E197",
    "hyperlink": "N/A",
    "Category": "spies",
    "Have_b_or_k?": "have b or k",
    "Author": "N/A",
    "Title": "Treason: Liberal Treachery from the Cold War to the War on Terrorism"
  },
  {
    "Price": 7.49,
    "cellNumber": "E198",
    "hyperlink": "N/A",
    "Category": "conspiracy",
    "Have_b_or_k?": "have b or k",
    "Author": "N/A",
    "Title": "Truth of the War Conspiracy of 1861"
  },
  {
    "Price": "N/A",
    "cellNumber": "E199",
    "hyperlink": "https://smile.amazon.com/gp/product/B01N10E1RY/ref=pe_27541010_572664700_em_1p_15_lm",
    "Category": "fiction",
    "Have_b_or_k?": "N/A",
    "Author": "N/A",
    "Title": "Twenty Thousand Leagues Under the Sea (Audible Audio Edition): Jules Verne, Alan Munro, Trout Lake Media: Books"
  },
  {
    "Price": "included",
    "cellNumber": "E200",
    "hyperlink": "N/A",
    "Category": "Clinton",
    "Have_b_or_k?": "N/A",
    "Author": "N/A",
    "Title": "Unlimited Access: An FBI Agent Inside the Clinton White House"
  },
  {
    "Price": "N/A",
    "cellNumber": "E201",
    "hyperlink": "https://smile.amazon.com/gp/product/B0013BZXQ6/ref=pe_26025950_571308990_em_1p_2_lm",
    "Category": "politics",
    "Have_b_or_k?": "N/A",
    "Author": "N/A",
    "Title": "Utopia (Audible Audio Edition): Sir Thomas More, James Adams, Blackstone Audio, Inc.: Audible Audiobooks"
  },
  {
    "Price": "N/A",
    "cellNumber": "E202",
    "hyperlink": "https://www.audible.com/pd/Water-to-the-Angels-Audiobook/B00SNO3V6K?ref=a_wl_c5_desk_pg1_2&pf_rd_p=400b1420-4f6a-4b9e-bcc9-3211081ebfe1&pf_rd_r=JHN3TR69FQ8FFZ14FJVK",
    "Category": "American",
    "Have_b_or_k?": "N/A",
    "Author": "N/A",
    "Title": "Water to the Angels by Les Standiford | Audiobook | Audible.com"
  },
  {
    "Price": "N/A",
    "cellNumber": "E203",
    "hyperlink": "https://www.audible.com/pd/We-Have-Been-Harmonized-Audiobook/0063027321?ref=a_wl_c5_desk_pg1_20&pf_rd_p=400b1420-4f6a-4b9e-bcc9-3211081ebfe1&pf_rd_r=JHN3TR69FQ8FFZ14FJVK",
    "Category": "china",
    "Have_b_or_k?": "N/A",
    "Author": "N/A",
    "Title": "We Have Been Harmonized by Kai Strittmatter | Audiobook | Audible.com"
  },
  {
    "Price": "included",
    "cellNumber": "E204",
    "hyperlink": "N/A",
    "Category": "American",
    "Have_b_or_k?": "N/A",
    "Author": "N/A",
    "Title": "What Kind of Nation: Thomas Jefferson, John Marshall, and the Epic Struggle to Create a United States (Audible Audio Edition): James F. Simon, Patrick Cullen, Blackstone Audio, Inc.: Books"
  },
  {
    "Price": 13.96,
    "cellNumber": "E205",
    "hyperlink": "N/A",
    "Category": "FDR",
    "Have_b_or_k?": "have b or k",
    "Author": "N/A",
    "Title": "Who Murdered FDR?"
  },
  {
    "Price": "N/A",
    "cellNumber": "E206",
    "hyperlink": "https://www.audible.com/pd/Worst-President-Ever-Audiobook/B01N2S2MZM?ref=a_wl_c5_desk_pg1_24&pf_rd_p=400b1420-4f6a-4b9e-bcc9-3211081ebfe1&pf_rd_r=JHN3TR69FQ8FFZ14FJVK",
    "Category": "American",
    "Have_b_or_k?": "N/A",
    "Author": "Strauss",
    "Title": "Worst. President. Ever. by Robert Strauss | Audiobook | Audible.com"
  },
  {
    "Price": 19.58,
    "cellNumber": "E207",
    "hyperlink": "https://www.amazon.com/Young-Stalin-audiobook/dp/B000X9AXB4/ref=sr_1_10?crid=2VZA9I1B7B3GH&keywords=stalin&qid=1635908806&s=books&sprefix=stalin%2Cstripbooks%2C130&sr=1-10",
    "Category": "Russia",
    "Have_b_or_k?": "have b or k",
    "Author": "N/A",
    "Title": "Young Stalin (Audible Audio Edition): James Adams, Simon Sebag Montefiore, Blackstone Audio, Inc.: Books"
  },
  {
    "Price": "N/A",
    "cellNumber": "E208",
    "hyperlink": "N/A",
    "Category": "N/A",
    "Have_b_or_k?": "N/A",
    "Author": "N/A",
    "Title": "N/A"
  },
  {
    "Price": "N/A",
    "cellNumber": "E209",
    "hyperlink": "N/A",
    "Category": "N/A",
    "Have_b_or_k?": "N/A",
    "Author": "N/A",
    "Title": "N/A"
  },
  {
    "Price": "N/A",
    "cellNumber": "E210",
    "hyperlink": "N/A",
    "Category": "N/A",
    "Have_b_or_k?": "N/A",
    "Author": "N/A",
    "Title": "N/A"
  },
  {
    "Price": "N/A",
    "cellNumber": "E211",
    "hyperlink": "N/A",
    "Category": "N/A",
    "Have_b_or_k?": "N/A",
    "Author": "N/A",
    "Title": "N/A"
  },
  {
    "Price": "N/A",
    "cellNumber": "E212",
    "hyperlink": "N/A",
    "Category": "N/A",
    "Have_b_or_k?": "N/A",
    "Author": "N/A",
    "Title": "N/A"
  }
]
